Archive member included to satisfy reference by file (symbol)

d:/st/stm32cubeide_1.3.0/stm32cubeide/plugins/com.st.stm32cube.ide.mcu.externaltools.gnu-tools-for-stm32.7-2018-q2-update.win32_1.5.0.202011040924/tools/bin/../lib/gcc/arm-none-eabi/7.3.1/../../../../arm-none-eabi/lib/thumb/v7e-m/fpv4-sp/hard\libc_nano.a(lib_a-errno.o)
                              Core/Src/syscalls.o (__errno)
d:/st/stm32cubeide_1.3.0/stm32cubeide/plugins/com.st.stm32cube.ide.mcu.externaltools.gnu-tools-for-stm32.7-2018-q2-update.win32_1.5.0.202011040924/tools/bin/../lib/gcc/arm-none-eabi/7.3.1/../../../../arm-none-eabi/lib/thumb/v7e-m/fpv4-sp/hard\libc_nano.a(lib_a-exit.o)
                              d:/st/stm32cubeide_1.3.0/stm32cubeide/plugins/com.st.stm32cube.ide.mcu.externaltools.gnu-tools-for-stm32.7-2018-q2-update.win32_1.5.0.202011040924/tools/bin/../lib/gcc/arm-none-eabi/7.3.1/../../../../arm-none-eabi/lib/thumb/v7e-m/fpv4-sp/hard/crt0.o (exit)
d:/st/stm32cubeide_1.3.0/stm32cubeide/plugins/com.st.stm32cube.ide.mcu.externaltools.gnu-tools-for-stm32.7-2018-q2-update.win32_1.5.0.202011040924/tools/bin/../lib/gcc/arm-none-eabi/7.3.1/../../../../arm-none-eabi/lib/thumb/v7e-m/fpv4-sp/hard\libc_nano.a(lib_a-impure.o)
                              d:/st/stm32cubeide_1.3.0/stm32cubeide/plugins/com.st.stm32cube.ide.mcu.externaltools.gnu-tools-for-stm32.7-2018-q2-update.win32_1.5.0.202011040924/tools/bin/../lib/gcc/arm-none-eabi/7.3.1/../../../../arm-none-eabi/lib/thumb/v7e-m/fpv4-sp/hard\libc_nano.a(lib_a-exit.o) (_global_impure_ptr)
d:/st/stm32cubeide_1.3.0/stm32cubeide/plugins/com.st.stm32cube.ide.mcu.externaltools.gnu-tools-for-stm32.7-2018-q2-update.win32_1.5.0.202011040924/tools/bin/../lib/gcc/arm-none-eabi/7.3.1/../../../../arm-none-eabi/lib/thumb/v7e-m/fpv4-sp/hard\libc_nano.a(lib_a-init.o)
                              d:/st/stm32cubeide_1.3.0/stm32cubeide/plugins/com.st.stm32cube.ide.mcu.externaltools.gnu-tools-for-stm32.7-2018-q2-update.win32_1.5.0.202011040924/tools/bin/../lib/gcc/arm-none-eabi/7.3.1/../../../../arm-none-eabi/lib/thumb/v7e-m/fpv4-sp/hard/crt0.o (__libc_init_array)
d:/st/stm32cubeide_1.3.0/stm32cubeide/plugins/com.st.stm32cube.ide.mcu.externaltools.gnu-tools-for-stm32.7-2018-q2-update.win32_1.5.0.202011040924/tools/bin/../lib/gcc/arm-none-eabi/7.3.1/../../../../arm-none-eabi/lib/thumb/v7e-m/fpv4-sp/hard\libc_nano.a(lib_a-memcmp.o)
                              Thirt Party/SEGGER/OS/SEGGER_SYSVIEW_FreeRTOS.o (memcmp)
d:/st/stm32cubeide_1.3.0/stm32cubeide/plugins/com.st.stm32cube.ide.mcu.externaltools.gnu-tools-for-stm32.7-2018-q2-update.win32_1.5.0.202011040924/tools/bin/../lib/gcc/arm-none-eabi/7.3.1/../../../../arm-none-eabi/lib/thumb/v7e-m/fpv4-sp/hard\libc_nano.a(lib_a-memcpy-stub.o)
                              Thirt Party/FreeRTOS/org/Source/queue.o (memcpy)
d:/st/stm32cubeide_1.3.0/stm32cubeide/plugins/com.st.stm32cube.ide.mcu.externaltools.gnu-tools-for-stm32.7-2018-q2-update.win32_1.5.0.202011040924/tools/bin/../lib/gcc/arm-none-eabi/7.3.1/../../../../arm-none-eabi/lib/thumb/v7e-m/fpv4-sp/hard\libc_nano.a(lib_a-memset.o)
                              d:/st/stm32cubeide_1.3.0/stm32cubeide/plugins/com.st.stm32cube.ide.mcu.externaltools.gnu-tools-for-stm32.7-2018-q2-update.win32_1.5.0.202011040924/tools/bin/../lib/gcc/arm-none-eabi/7.3.1/../../../../arm-none-eabi/lib/thumb/v7e-m/fpv4-sp/hard/crt0.o (memset)
d:/st/stm32cubeide_1.3.0/stm32cubeide/plugins/com.st.stm32cube.ide.mcu.externaltools.gnu-tools-for-stm32.7-2018-q2-update.win32_1.5.0.202011040924/tools/bin/../lib/gcc/arm-none-eabi/7.3.1/../../../../arm-none-eabi/lib/thumb/v7e-m/fpv4-sp/hard\libc_nano.a(lib_a-strlen.o)
                              Core/Src/main.o (strlen)

Allocating common symbols
Common symbol       size              file

xQueueRegistry      0x40              Thirt Party/FreeRTOS/org/Source/queue.o
_SEGGER_RTT         0xa8              Thirt Party/SEGGER/SEGGER/SEGGER_RTT.o

Discarded input sections

 .text          0x0000000000000000        0x0 d:/st/stm32cubeide_1.3.0/stm32cubeide/plugins/com.st.stm32cube.ide.mcu.externaltools.gnu-tools-for-stm32.7-2018-q2-update.win32_1.5.0.202011040924/tools/bin/../lib/gcc/arm-none-eabi/7.3.1/thumb/v7e-m/fpv4-sp/hard/crti.o
 .data          0x0000000000000000        0x0 d:/st/stm32cubeide_1.3.0/stm32cubeide/plugins/com.st.stm32cube.ide.mcu.externaltools.gnu-tools-for-stm32.7-2018-q2-update.win32_1.5.0.202011040924/tools/bin/../lib/gcc/arm-none-eabi/7.3.1/thumb/v7e-m/fpv4-sp/hard/crti.o
 .bss           0x0000000000000000        0x0 d:/st/stm32cubeide_1.3.0/stm32cubeide/plugins/com.st.stm32cube.ide.mcu.externaltools.gnu-tools-for-stm32.7-2018-q2-update.win32_1.5.0.202011040924/tools/bin/../lib/gcc/arm-none-eabi/7.3.1/thumb/v7e-m/fpv4-sp/hard/crti.o
[...]
Memory Configuration

Name             Origin             Length             Attributes
CCMRAM           0x0000000010000000 0x0000000000010000 xrw
RAM              0x0000000020000000 0x0000000000020000 xrw
FLASH            0x0000000008000000 0x0000000000100000 xr
*default*        0x0000000000000000 0xffffffffffffffff

Linker script and memory map

LOAD d:/st/stm32cubeide_1.3.0/stm32cubeide/plugins/com.st.stm32cube.ide.mcu.externaltools.gnu-tools-for-stm32.7-2018-q2-update.win32_1.5.0.202011040924/tools/bin/../lib/gcc/arm-none-eabi/7.3.1/thumb/v7e-m/fpv4-sp/hard/crti.o
LOAD d:/st/stm32cubeide_1.3.0/stm32cubeide/plugins/com.st.stm32cube.ide.mcu.externaltools.gnu-tools-for-stm32.7-2018-q2-update.win32_1.5.0.202011040924/tools/bin/../lib/gcc/arm-none-eabi/7.3.1/thumb/v7e-m/fpv4-sp/hard/crtbegin.o
LOAD d:/st/stm32cubeide_1.3.0/stm32cubeide/plugins/com.st.stm32cube.ide.mcu.externaltools.gnu-tools-for-stm32.7-2018-q2-update.win32_1.5.0.202011040924/tools/bin/../lib/gcc/arm-none-eabi/7.3.1/../../../../arm-none-eabi/lib/thumb/v7e-m/fpv4-sp/hard/crt0.o
LOAD Core/Src/main.o
LOAD Core/Src/syscalls.o
LOAD Core/Src/system_stm32f4xx.o
LOAD Core/Startup/startup_stm32f407vgtx.o
LOAD Drivers/StdPeriph_Driver/src/misc.o
LOAD Drivers/StdPeriph_Driver/src/stm32f4xx_adc.o
LOAD Drivers/StdPeriph_Driver/src/stm32f4xx_can.o
LOAD Drivers/StdPeriph_Driver/src/stm32f4xx_cec.o
LOAD Drivers/StdPeriph_Driver/src/stm32f4xx_crc.o
LOAD Drivers/StdPeriph_Driver/src/stm32f4xx_cryp.o
LOAD Drivers/StdPeriph_Driver/src/stm32f4xx_cryp_aes.o
LOAD Drivers/StdPeriph_Driver/src/stm32f4xx_cryp_des.o
LOAD Drivers/StdPeriph_Driver/src/stm32f4xx_cryp_tdes.o
LOAD Drivers/StdPeriph_Driver/src/stm32f4xx_dac.o
LOAD Drivers/StdPeriph_Driver/src/stm32f4xx_dbgmcu.o
LOAD Drivers/StdPeriph_Driver/src/stm32f4xx_dcmi.o
LOAD Drivers/StdPeriph_Driver/src/stm32f4xx_dfsdm.o
LOAD Drivers/StdPeriph_Driver/src/stm32f4xx_dma.o
LOAD Drivers/StdPeriph_Driver/src/stm32f4xx_dma2d.o
LOAD Drivers/StdPeriph_Driver/src/stm32f4xx_dsi.o
LOAD Drivers/StdPeriph_Driver/src/stm32f4xx_exti.o
LOAD Drivers/StdPeriph_Driver/src/stm32f4xx_flash.o
LOAD Drivers/StdPeriph_Driver/src/stm32f4xx_flash_ramfunc.o
LOAD Drivers/StdPeriph_Driver/src/stm32f4xx_fmpi2c.o
LOAD Drivers/StdPeriph_Driver/src/stm32f4xx_fsmc.o
LOAD Drivers/StdPeriph_Driver/src/stm32f4xx_gpio.o
LOAD Drivers/StdPeriph_Driver/src/stm32f4xx_hash.o
LOAD Drivers/StdPeriph_Driver/src/stm32f4xx_hash_md5.o
LOAD Drivers/StdPeriph_Driver/src/stm32f4xx_hash_sha1.o
LOAD Drivers/StdPeriph_Driver/src/stm32f4xx_i2c.o
LOAD Drivers/StdPeriph_Driver/src/stm32f4xx_iwdg.o
LOAD Drivers/StdPeriph_Driver/src/stm32f4xx_lptim.o
LOAD Drivers/StdPeriph_Driver/src/stm32f4xx_ltdc.o
LOAD Drivers/StdPeriph_Driver/src/stm32f4xx_pwr.o
LOAD Drivers/StdPeriph_Driver/src/stm32f4xx_qspi.o
LOAD Drivers/StdPeriph_Driver/src/stm32f4xx_rcc.o
LOAD Drivers/StdPeriph_Driver/src/stm32f4xx_rng.o
LOAD Drivers/StdPeriph_Driver/src/stm32f4xx_rtc.o
LOAD Drivers/StdPeriph_Driver/src/stm32f4xx_sai.o
LOAD Drivers/StdPeriph_Driver/src/stm32f4xx_sdio.o
LOAD Drivers/StdPeriph_Driver/src/stm32f4xx_spdifrx.o
LOAD Drivers/StdPeriph_Driver/src/stm32f4xx_spi.o
LOAD Drivers/StdPeriph_Driver/src/stm32f4xx_syscfg.o
LOAD Drivers/StdPeriph_Driver/src/stm32f4xx_tim.o
LOAD Drivers/StdPeriph_Driver/src/stm32f4xx_usart.o
LOAD Drivers/StdPeriph_Driver/src/stm32f4xx_wwdg.o
LOAD Thirt Party/FreeRTOS/org/Source/croutine.o
LOAD Thirt Party/FreeRTOS/org/Source/event_groups.o
LOAD Thirt Party/FreeRTOS/org/Source/list.o
LOAD Thirt Party/FreeRTOS/org/Source/queue.o
LOAD Thirt Party/FreeRTOS/org/Source/stream_buffer.o
LOAD Thirt Party/FreeRTOS/org/Source/tasks.o
LOAD Thirt Party/FreeRTOS/org/Source/timers.o
LOAD Thirt Party/FreeRTOS/org/Source/portable/GCC/ARM_CM4F/port.o
LOAD Thirt Party/FreeRTOS/org/Source/portable/MemMang/heap_4.o
LOAD Thirt Party/SEGGER/Config/SEGGER_SYSVIEW_Config_FreeRTOS.o
LOAD Thirt Party/SEGGER/OS/SEGGER_SYSVIEW_FreeRTOS.o
LOAD Thirt Party/SEGGER/SEGGER/SEGGER_RTT.o
LOAD Thirt Party/SEGGER/SEGGER/SEGGER_SYSVIEW.o
START GROUP
LOAD d:/st/stm32cubeide_1.3.0/stm32cubeide/plugins/com.st.stm32cube.ide.mcu.externaltools.gnu-tools-for-stm32.7-2018-q2-update.win32_1.5.0.202011040924/tools/bin/../lib/gcc/arm-none-eabi/7.3.1/../../../../arm-none-eabi/lib/thumb/v7e-m/fpv4-sp/hard\libc_nano.a
LOAD d:/st/stm32cubeide_1.3.0/stm32cubeide/plugins/com.st.stm32cube.ide.mcu.externaltools.gnu-tools-for-stm32.7-2018-q2-update.win32_1.5.0.202011040924/tools/bin/../lib/gcc/arm-none-eabi/7.3.1/../../../../arm-none-eabi/lib/thumb/v7e-m/fpv4-sp/hard\libm.a
END GROUP
START GROUP
LOAD d:/st/stm32cubeide_1.3.0/stm32cubeide/plugins/com.st.stm32cube.ide.mcu.externaltools.gnu-tools-for-stm32.7-2018-q2-update.win32_1.5.0.202011040924/tools/bin/../lib/gcc/arm-none-eabi/7.3.1/thumb/v7e-m/fpv4-sp/hard\libgcc.a
LOAD d:/st/stm32cubeide_1.3.0/stm32cubeide/plugins/com.st.stm32cube.ide.mcu.externaltools.gnu-tools-for-stm32.7-2018-q2-update.win32_1.5.0.202011040924/tools/bin/../lib/gcc/arm-none-eabi/7.3.1/../../../../arm-none-eabi/lib/thumb/v7e-m/fpv4-sp/hard\libc_nano.a
END GROUP
START GROUP
LOAD d:/st/stm32cubeide_1.3.0/stm32cubeide/plugins/com.st.stm32cube.ide.mcu.externaltools.gnu-tools-for-stm32.7-2018-q2-update.win32_1.5.0.202011040924/tools/bin/../lib/gcc/arm-none-eabi/7.3.1/thumb/v7e-m/fpv4-sp/hard\libgcc.a
LOAD d:/st/stm32cubeide_1.3.0/stm32cubeide/plugins/com.st.stm32cube.ide.mcu.externaltools.gnu-tools-for-stm32.7-2018-q2-update.win32_1.5.0.202011040924/tools/bin/../lib/gcc/arm-none-eabi/7.3.1/../../../../arm-none-eabi/lib/thumb/v7e-m/fpv4-sp/hard\libc_nano.a
LOAD d:/st/stm32cubeide_1.3.0/stm32cubeide/plugins/com.st.stm32cube.ide.mcu.externaltools.gnu-tools-for-stm32.7-2018-q2-update.win32_1.5.0.202011040924/tools/bin/../lib/gcc/arm-none-eabi/7.3.1/../../../../arm-none-eabi/lib/thumb/v7e-m/fpv4-sp/hard\libnosys.a
END GROUP
START GROUP
LOAD d:/st/stm32cubeide_1.3.0/stm32cubeide/plugins/com.st.stm32cube.ide.mcu.externaltools.gnu-tools-for-stm32.7-2018-q2-update.win32_1.5.0.202011040924/tools/bin/../lib/gcc/arm-none-eabi/7.3.1/thumb/v7e-m/fpv4-sp/hard\libgcc.a
LOAD d:/st/stm32cubeide_1.3.0/stm32cubeide/plugins/com.st.stm32cube.ide.mcu.externaltools.gnu-tools-for-stm32.7-2018-q2-update.win32_1.5.0.202011040924/tools/bin/../lib/gcc/arm-none-eabi/7.3.1/../../../../arm-none-eabi/lib/thumb/v7e-m/fpv4-sp/hard\libc_nano.a
LOAD d:/st/stm32cubeide_1.3.0/stm32cubeide/plugins/com.st.stm32cube.ide.mcu.externaltools.gnu-tools-for-stm32.7-2018-q2-update.win32_1.5.0.202011040924/tools/bin/../lib/gcc/arm-none-eabi/7.3.1/../../../../arm-none-eabi/lib/thumb/v7e-m/fpv4-sp/hard\libnosys.a
END GROUP
LOAD d:/st/stm32cubeide_1.3.0/stm32cubeide/plugins/com.st.stm32cube.ide.mcu.externaltools.gnu-tools-for-stm32.7-2018-q2-update.win32_1.5.0.202011040924/tools/bin/../lib/gcc/arm-none-eabi/7.3.1/thumb/v7e-m/fpv4-sp/hard/crtend.o
LOAD d:/st/stm32cubeide_1.3.0/stm32cubeide/plugins/com.st.stm32cube.ide.mcu.externaltools.gnu-tools-for-stm32.7-2018-q2-update.win32_1.5.0.202011040924/tools/bin/../lib/gcc/arm-none-eabi/7.3.1/thumb/v7e-m/fpv4-sp/hard/crtn.o
                0x0000000020020000                _estack = (ORIGIN (RAM) + LENGTH (RAM))
                0x0000000000000200                _Min_Heap_Size = 0x200
                0x0000000000000400                _Min_Stack_Size = 0x400

.isr_vector     0x0000000008000000      0x188
                0x0000000008000000                . = ALIGN (0x4)
 *(.isr_vector)
 .isr_vector    0x0000000008000000      0x188 Core/Startup/startup_stm32f407vgtx.o
                0x0000000008000000                g_pfnVectors
                0x0000000008000188                . = ALIGN (0x4)

.text           0x0000000008000190     0x35e8
                0x0000000008000190                . = ALIGN (0x4)
 *(.text)
 .text          0x0000000008000190       0x40 d:/st/stm32cubeide_1.3.0/stm32cubeide/plugins/com.st.stm32cube.ide.mcu.externaltools.gnu-tools-for-stm32.7-2018-q2-update.win32_1.5.0.202011040924/tools/bin/../lib/gcc/arm-none-eabi/7.3.1/thumb/v7e-m/fpv4-sp/hard/crtbegin.o
 *(.text*)
 .text.NVIC_EnableIRQ
                0x00000000080001d0       0x34 Core/Src/main.o
 .text.NVIC_SetPriority
                0x0000000008000204       0x54 Core/Src/main.o
 .text.main     0x0000000008000258       0x3c Core/Src/main.o
                0x0000000008000258                main
 .text.led_task_handler
                0x0000000008000294       0x34 Core/Src/main.o
                0x0000000008000294                led_task_handler
 .text.button_handler
                0x00000000080002c8       0x28 Core/Src/main.o
                0x00000000080002c8                button_handler
 .text.prvSetupUart
                0x00000000080002f0       0x9c Core/Src/main.o
 .text.prvSetupGPIO
                0x000000000800038c       0xa0 Core/Src/main.o
                0x000000000800038c                prvSetupGPIO
 .text.EXTI0_IRQHandler
                0x000000000800042c       0x1c Core/Src/main.o
                0x000000000800042c                EXTI0_IRQHandler
 .text.prvSetupHardware
                0x0000000008000448       0x10 Core/Src/main.o
 .text.SystemInit
                0x0000000008000458       0x2c Core/Src/system_stm32f4xx.o
                0x0000000008000458                SystemInit
 .text.SystemCoreClockUpdate
                0x0000000008000484       0xf4 Core/Src/system_stm32f4xx.o
                0x0000000008000484                SystemCoreClockUpdate
 .text.Reset_Handler
                0x0000000008000578       0x50 Core/Startup/startup_stm32f407vgtx.o
                0x0000000008000578                Reset_Handler
 .text.Default_Handler
                0x00000000080005c8        0x2 Core/Startup/startup_stm32f407vgtx.o
                0x00000000080005c8                RTC_Alarm_IRQHandler
                0x00000000080005c8                HASH_RNG_IRQHandler
                0x00000000080005c8                EXTI2_IRQHandler
                0x00000000080005c8                TIM8_CC_IRQHandler
                0x00000000080005c8                DebugMon_Handler
                0x00000000080005c8                TIM1_CC_IRQHandler
                0x00000000080005c8                DMA2_Stream5_IRQHandler
                0x00000000080005c8                HardFault_Handler
                0x00000000080005c8                DMA1_Stream5_IRQHandler
                0x00000000080005c8                PVD_IRQHandler
                0x00000000080005c8                SDIO_IRQHandler
                0x00000000080005c8                TAMP_STAMP_IRQHandler
                0x00000000080005c8                NMI_Handler
                0x00000000080005c8                CAN2_RX1_IRQHandler
                0x00000000080005c8                EXTI3_IRQHandler
                0x00000000080005c8                TIM8_TRG_COM_TIM14_IRQHandler
                0x00000000080005c8                TIM1_UP_TIM10_IRQHandler
                0x00000000080005c8                TIM8_UP_TIM13_IRQHandler
                0x00000000080005c8                I2C3_ER_IRQHandler
                0x00000000080005c8                I2C2_EV_IRQHandler
                0x00000000080005c8                DMA1_Stream2_IRQHandler
                0x00000000080005c8                CAN1_RX0_IRQHandler
                0x00000000080005c8                FPU_IRQHandler
                0x00000000080005c8                OTG_HS_WKUP_IRQHandler
                0x00000000080005c8                UsageFault_Handler
                0x00000000080005c8                CAN2_SCE_IRQHandler
                0x00000000080005c8                DMA2_Stream2_IRQHandler
                0x00000000080005c8                SPI1_IRQHandler
                0x00000000080005c8                TIM6_DAC_IRQHandler
                0x00000000080005c8                TIM1_BRK_TIM9_IRQHandler
                0x00000000080005c8                DCMI_IRQHandler
                0x00000000080005c8                CAN2_RX0_IRQHandler
                0x00000000080005c8                DMA2_Stream3_IRQHandler
                0x00000000080005c8                USART6_IRQHandler
                0x00000000080005c8                USART3_IRQHandler
                0x00000000080005c8                CAN1_RX1_IRQHandler
                0x00000000080005c8                UART5_IRQHandler
                0x00000000080005c8                DMA2_Stream0_IRQHandler
                0x00000000080005c8                TIM4_IRQHandler
                0x00000000080005c8                I2C1_EV_IRQHandler
                0x00000000080005c8                DMA1_Stream6_IRQHandler
                0x00000000080005c8                DMA1_Stream1_IRQHandler
                0x00000000080005c8                UART4_IRQHandler
                0x00000000080005c8                TIM3_IRQHandler
                0x00000000080005c8                RCC_IRQHandler
                0x00000000080005c8                TIM8_BRK_TIM12_IRQHandler
                0x00000000080005c8                Default_Handler
                0x00000000080005c8                EXTI15_10_IRQHandler
                0x00000000080005c8                ADC_IRQHandler
                0x00000000080005c8                DMA1_Stream7_IRQHandler
                0x00000000080005c8                TIM7_IRQHandler
                0x00000000080005c8                CAN2_TX_IRQHandler
                0x00000000080005c8                TIM5_IRQHandler
                0x00000000080005c8                DMA2_Stream7_IRQHandler
                0x00000000080005c8                I2C3_EV_IRQHandler
                0x00000000080005c8                EXTI9_5_IRQHandler
                0x00000000080005c8                RTC_WKUP_IRQHandler
                0x00000000080005c8                ETH_WKUP_IRQHandler
                0x00000000080005c8                SPI2_IRQHandler
                0x00000000080005c8                OTG_HS_EP1_IN_IRQHandler
                0x00000000080005c8                MemManage_Handler
                0x00000000080005c8                DMA1_Stream0_IRQHandler
                0x00000000080005c8                CAN1_TX_IRQHandler
                0x00000000080005c8                EXTI4_IRQHandler
                0x00000000080005c8                FSMC_IRQHandler
                0x00000000080005c8                ETH_IRQHandler
                0x00000000080005c8                OTG_HS_EP1_OUT_IRQHandler
                0x00000000080005c8                WWDG_IRQHandler
                0x00000000080005c8                TIM2_IRQHandler
                0x00000000080005c8                OTG_FS_WKUP_IRQHandler
                0x00000000080005c8                TIM1_TRG_COM_TIM11_IRQHandler
                0x00000000080005c8                OTG_HS_IRQHandler
                0x00000000080005c8                EXTI1_IRQHandler
                0x00000000080005c8                USART2_IRQHandler
                0x00000000080005c8                I2C2_ER_IRQHandler
                0x00000000080005c8                DMA2_Stream1_IRQHandler
                0x00000000080005c8                CAN1_SCE_IRQHandler
                0x00000000080005c8                FLASH_IRQHandler
                0x00000000080005c8                DMA2_Stream4_IRQHandler
                0x00000000080005c8                BusFault_Handler
                0x00000000080005c8                USART1_IRQHandler
                0x00000000080005c8                OTG_FS_IRQHandler
                0x00000000080005c8                SPI3_IRQHandler
                0x00000000080005c8                DMA1_Stream4_IRQHandler
                0x00000000080005c8                I2C1_ER_IRQHandler
                0x00000000080005c8                DMA2_Stream6_IRQHandler
                0x00000000080005c8                DMA1_Stream3_IRQHandler
 *fill*         0x00000000080005ca        0x2 
 .text.EXTI_Init
                0x00000000080005cc       0xe4 Drivers/StdPeriph_Driver/src/stm32f4xx_exti.o
                0x00000000080005cc                EXTI_Init
 .text.EXTI_ClearITPendingBit
                0x00000000080006b0       0x20 Drivers/StdPeriph_Driver/src/stm32f4xx_exti.o
                0x00000000080006b0                EXTI_ClearITPendingBit
 .text.GPIO_Init
                0x00000000080006d0      0x11c Drivers/StdPeriph_Driver/src/stm32f4xx_gpio.o
                0x00000000080006d0                GPIO_Init
 .text.GPIO_WriteBit
                0x00000000080007ec       0x30 Drivers/StdPeriph_Driver/src/stm32f4xx_gpio.o
                0x00000000080007ec                GPIO_WriteBit
 .text.GPIO_PinAFConfig
                0x000000000800081c       0x92 Drivers/StdPeriph_Driver/src/stm32f4xx_gpio.o
                0x000000000800081c                GPIO_PinAFConfig
 *fill*         0x00000000080008ae        0x2 
 .text.RCC_DeInit
                0x00000000080008b0       0x70 Drivers/StdPeriph_Driver/src/stm32f4xx_rcc.o
                0x00000000080008b0                RCC_DeInit
 .text.RCC_GetClocksFreq
                0x0000000008000920      0x150 Drivers/StdPeriph_Driver/src/stm32f4xx_rcc.o
                0x0000000008000920                RCC_GetClocksFreq
 .text.RCC_AHB1PeriphClockCmd
                0x0000000008000a70       0x40 Drivers/StdPeriph_Driver/src/stm32f4xx_rcc.o
                0x0000000008000a70                RCC_AHB1PeriphClockCmd
 .text.RCC_APB1PeriphClockCmd
                0x0000000008000ab0       0x40 Drivers/StdPeriph_Driver/src/stm32f4xx_rcc.o
                0x0000000008000ab0                RCC_APB1PeriphClockCmd
 .text.RCC_APB2PeriphClockCmd
                0x0000000008000af0       0x40 Drivers/StdPeriph_Driver/src/stm32f4xx_rcc.o
                0x0000000008000af0                RCC_APB2PeriphClockCmd
 .text.SYSCFG_EXTILineConfig
                0x0000000008000b30       0x84 Drivers/StdPeriph_Driver/src/stm32f4xx_syscfg.o
                0x0000000008000b30                SYSCFG_EXTILineConfig
 .text.USART_Init
                0x0000000008000bb4      0x174 Drivers/StdPeriph_Driver/src/stm32f4xx_usart.o
                0x0000000008000bb4                USART_Init
 .text.USART_Cmd
                0x0000000008000d28       0x40 Drivers/StdPeriph_Driver/src/stm32f4xx_usart.o
                0x0000000008000d28                USART_Cmd
 .text.vListInitialise
                0x0000000008000d68       0x40 Thirt Party/FreeRTOS/org/Source/list.o
                0x0000000008000d68                vListInitialise
 .text.vListInitialiseItem
                0x0000000008000da8       0x1a Thirt Party/FreeRTOS/org/Source/list.o
                0x0000000008000da8                vListInitialiseItem
 .text.vListInsertEnd
                0x0000000008000dc2       0x48 Thirt Party/FreeRTOS/org/Source/list.o
                0x0000000008000dc2                vListInsertEnd
 .text.uxListRemove
                0x0000000008000e0a       0x54 Thirt Party/FreeRTOS/org/Source/list.o
                0x0000000008000e0a                uxListRemove
 .text.xTaskCreate
                0x0000000008000e5e       0x82 Thirt Party/FreeRTOS/org/Source/tasks.o
                0x0000000008000e5e                xTaskCreate
 .text.prvInitialiseNewTask
                0x0000000008000ee0      0x126 Thirt Party/FreeRTOS/org/Source/tasks.o
 *fill*         0x0000000008001006        0x2 
 .text.prvAddNewTaskToReadyList
                0x0000000008001008      0x118 Thirt Party/FreeRTOS/org/Source/tasks.o
 .text.vTaskStartScheduler
                0x0000000008001120       0xac Thirt Party/FreeRTOS/org/Source/tasks.o
                0x0000000008001120                vTaskStartScheduler
 .text.vTaskSuspendAll
                0x00000000080011cc       0x1c Thirt Party/FreeRTOS/org/Source/tasks.o
                0x00000000080011cc                vTaskSuspendAll
 .text.xTaskResumeAll
                0x00000000080011e8      0x140 Thirt Party/FreeRTOS/org/Source/tasks.o
                0x00000000080011e8                xTaskResumeAll
 .text.xTaskGetTickCountFromISR
                0x0000000008001328       0x24 Thirt Party/FreeRTOS/org/Source/tasks.o
                0x0000000008001328                xTaskGetTickCountFromISR
 .text.xTaskIncrementTick
                0x000000000800134c      0x178 Thirt Party/FreeRTOS/org/Source/tasks.o
                0x000000000800134c                xTaskIncrementTick
 .text.vTaskSwitchContext
                0x00000000080014c4       0xd0 Thirt Party/FreeRTOS/org/Source/tasks.o
                0x00000000080014c4                vTaskSwitchContext
 .text.prvIdleTask
                0x0000000008001594       0x30 Thirt Party/FreeRTOS/org/Source/tasks.o
 .text.prvInitialiseTaskLists
                0x00000000080015c4       0x80 Thirt Party/FreeRTOS/org/Source/tasks.o
 .text.prvCheckTasksWaitingTermination
                0x0000000008001644       0x58 Thirt Party/FreeRTOS/org/Source/tasks.o
 .text.prvDeleteTCB
                0x000000000800169c       0x20 Thirt Party/FreeRTOS/org/Source/tasks.o
 .text.prvResetNextTaskUnblockTime
                0x00000000080016bc       0x40 Thirt Party/FreeRTOS/org/Source/tasks.o
 .text.pxPortInitialiseStack
                0x00000000080016fc       0x68 Thirt Party/FreeRTOS/org/Source/portable/GCC/ARM_CM4F/port.o
                0x00000000080016fc                pxPortInitialiseStack
 .text.prvTaskExitError
                0x0000000008001764       0x54 Thirt Party/FreeRTOS/org/Source/portable/GCC/ARM_CM4F/port.o
 *fill*         0x00000000080017b8        0x8 
 .text.SVC_Handler
                0x00000000080017c0       0x28 Thirt Party/FreeRTOS/org/Source/portable/GCC/ARM_CM4F/port.o
                0x00000000080017c0                SVC_Handler
 .text.prvPortStartFirstTask
                0x00000000080017e8       0x28 Thirt Party/FreeRTOS/org/Source/portable/GCC/ARM_CM4F/port.o
 .text.xPortStartScheduler
                0x0000000008001810      0x13c Thirt Party/FreeRTOS/org/Source/portable/GCC/ARM_CM4F/port.o
                0x0000000008001810                xPortStartScheduler
 .text.vPortEnterCritical
                0x000000000800194c       0x5c Thirt Party/FreeRTOS/org/Source/portable/GCC/ARM_CM4F/port.o
                0x000000000800194c                vPortEnterCritical
 .text.vPortExitCritical
                0x00000000080019a8       0x50 Thirt Party/FreeRTOS/org/Source/portable/GCC/ARM_CM4F/port.o
                0x00000000080019a8                vPortExitCritical
 *fill*         0x00000000080019f8        0x8 
 .text.PendSV_Handler
                0x0000000008001a00       0x68 Thirt Party/FreeRTOS/org/Source/portable/GCC/ARM_CM4F/port.o
                0x0000000008001a00                PendSV_Handler
 .text.SysTick_Handler
                0x0000000008001a68       0x54 Thirt Party/FreeRTOS/org/Source/portable/GCC/ARM_CM4F/port.o
                0x0000000008001a68                SysTick_Handler
 .text.vPortSetupTimerInterrupt
                0x0000000008001abc       0x48 Thirt Party/FreeRTOS/org/Source/portable/GCC/ARM_CM4F/port.o
                0x0000000008001abc                vPortSetupTimerInterrupt
 .text.vPortEnableVFP
                0x0000000008001b04       0x14 Thirt Party/FreeRTOS/org/Source/portable/GCC/ARM_CM4F/port.o
 .text.vPortValidateInterruptPriority
                0x0000000008001b18       0x7c Thirt Party/FreeRTOS/org/Source/portable/GCC/ARM_CM4F/port.o
                0x0000000008001b18                vPortValidateInterruptPriority
 .text.pvPortMalloc
                0x0000000008001b94      0x184 Thirt Party/FreeRTOS/org/Source/portable/MemMang/heap_4.o
                0x0000000008001b94                pvPortMalloc
 .text.vPortFree
                0x0000000008001d18       0xb0 Thirt Party/FreeRTOS/org/Source/portable/MemMang/heap_4.o
                0x0000000008001d18                vPortFree
 .text.prvHeapInit
                0x0000000008001dc8       0xc4 Thirt Party/FreeRTOS/org/Source/portable/MemMang/heap_4.o
 .text.prvInsertBlockIntoFreeList
                0x0000000008001e8c       0xb4 Thirt Party/FreeRTOS/org/Source/portable/MemMang/heap_4.o
 .text._cbSendSystemDesc
                0x0000000008001f40       0x1c Thirt Party/SEGGER/Config/SEGGER_SYSVIEW_Config_FreeRTOS.o
 .text.SEGGER_SYSVIEW_Conf
                0x0000000008001f5c       0x2c Thirt Party/SEGGER/Config/SEGGER_SYSVIEW_Config_FreeRTOS.o
                0x0000000008001f5c                SEGGER_SYSVIEW_Conf
 .text._cbSendTaskList
                0x0000000008001f88       0x90 Thirt Party/SEGGER/OS/SEGGER_SYSVIEW_FreeRTOS.o
 .text._cbGetTime
                0x0000000008002018       0x76 Thirt Party/SEGGER/OS/SEGGER_SYSVIEW_FreeRTOS.o
 *fill*         0x000000000800208e        0x2 
 .text.SYSVIEW_AddTask
                0x0000000008002090       0xd0 Thirt Party/SEGGER/OS/SEGGER_SYSVIEW_FreeRTOS.o
                0x0000000008002090                SYSVIEW_AddTask
 .text.SYSVIEW_SendTaskInfo
                0x0000000008002160       0x42 Thirt Party/SEGGER/OS/SEGGER_SYSVIEW_FreeRTOS.o
                0x0000000008002160                SYSVIEW_SendTaskInfo
 *fill*         0x00000000080021a2        0x2 
 .text._DoInit  0x00000000080021a4       0xa4 Thirt Party/SEGGER/SEGGER/SEGGER_RTT.o
 .text.SEGGER_RTT_ReadNoLock
                0x0000000008002248      0x104 Thirt Party/SEGGER/SEGGER/SEGGER_RTT.o
                0x0000000008002248                SEGGER_RTT_ReadNoLock
 .text.SEGGER_RTT_WriteSkipNoLock
                0x000000000800234c      0x120 Thirt Party/SEGGER/SEGGER/SEGGER_RTT.o
                0x000000000800234c                SEGGER_RTT_WriteSkipNoLock
 .text.SEGGER_RTT_ConfigUpBuffer
                0x000000000800246c       0xd4 Thirt Party/SEGGER/SEGGER/SEGGER_RTT.o
                0x000000000800246c                SEGGER_RTT_ConfigUpBuffer
 .text.SEGGER_RTT_ConfigDownBuffer
                0x0000000008002540       0xd4 Thirt Party/SEGGER/SEGGER/SEGGER_RTT.o
                0x0000000008002540                SEGGER_RTT_ConfigDownBuffer
 .text._EncodeStr
                0x0000000008002614       0x9a Thirt Party/SEGGER/SEGGER/SEGGER_SYSVIEW.o
 .text._PreparePacket
                0x00000000080026ae       0x18 Thirt Party/SEGGER/SEGGER/SEGGER_SYSVIEW.o
 .text._HandleIncomingPacket
                0x00000000080026c6       0xb8 Thirt Party/SEGGER/SEGGER/SEGGER_SYSVIEW.o
 *fill*         0x000000000800277e        0x2 
 .text._TrySendOverflowPacket
                0x0000000008002780       0xe0 Thirt Party/SEGGER/SEGGER/SEGGER_SYSVIEW.o
 .text._SendPacket
                0x0000000008002860      0x1a8 Thirt Party/SEGGER/SEGGER/SEGGER_SYSVIEW.o
 .text.SEGGER_SYSVIEW_Init
                0x0000000008002a08       0x7c Thirt Party/SEGGER/SEGGER/SEGGER_SYSVIEW.o
                0x0000000008002a08                SEGGER_SYSVIEW_Init
 .text.SEGGER_SYSVIEW_SetRAMBase
                0x0000000008002a84       0x20 Thirt Party/SEGGER/SEGGER/SEGGER_SYSVIEW.o
                0x0000000008002a84                SEGGER_SYSVIEW_SetRAMBase
 .text.SEGGER_SYSVIEW_RecordVoid
                0x0000000008002aa4       0x3c Thirt Party/SEGGER/SEGGER/SEGGER_SYSVIEW.o
                0x0000000008002aa4                SEGGER_SYSVIEW_RecordVoid
 .text.SEGGER_SYSVIEW_RecordU32
                0x0000000008002ae0       0x78 Thirt Party/SEGGER/SEGGER/SEGGER_SYSVIEW.o
                0x0000000008002ae0                SEGGER_SYSVIEW_RecordU32
 .text.SEGGER_SYSVIEW_RecordU32x2
                0x0000000008002b58       0xb4 Thirt Party/SEGGER/SEGGER/SEGGER_SYSVIEW.o
                0x0000000008002b58                SEGGER_SYSVIEW_RecordU32x2
 .text.SEGGER_SYSVIEW_Start
                0x0000000008002c0c      0x178 Thirt Party/SEGGER/SEGGER/SEGGER_SYSVIEW.o
                0x0000000008002c0c                SEGGER_SYSVIEW_Start
 .text.SEGGER_SYSVIEW_Stop
                0x0000000008002d84       0x4c Thirt Party/SEGGER/SEGGER/SEGGER_SYSVIEW.o
                0x0000000008002d84                SEGGER_SYSVIEW_Stop
 .text.SEGGER_SYSVIEW_GetSysDesc
                0x0000000008002dd0      0x134 Thirt Party/SEGGER/SEGGER/SEGGER_SYSVIEW.o
                0x0000000008002dd0                SEGGER_SYSVIEW_GetSysDesc
 .text.SEGGER_SYSVIEW_SendTaskInfo
                0x0000000008002f04      0x1cc Thirt Party/SEGGER/SEGGER/SEGGER_SYSVIEW.o
                0x0000000008002f04                SEGGER_SYSVIEW_SendTaskInfo
 .text.SEGGER_SYSVIEW_SendTaskList
                0x00000000080030d0       0x28 Thirt Party/SEGGER/SEGGER/SEGGER_SYSVIEW.o
                0x00000000080030d0                SEGGER_SYSVIEW_SendTaskList
 .text.SEGGER_SYSVIEW_SendSysDesc
                0x00000000080030f8       0x48 Thirt Party/SEGGER/SEGGER/SEGGER_SYSVIEW.o
                0x00000000080030f8                SEGGER_SYSVIEW_SendSysDesc
 .text.SEGGER_SYSVIEW_RecordSystime
                0x0000000008003140       0x60 Thirt Party/SEGGER/SEGGER/SEGGER_SYSVIEW.o
                0x0000000008003140                SEGGER_SYSVIEW_RecordSystime
 .text.SEGGER_SYSVIEW_RecordEnterISR
                0x00000000080031a0       0x84 Thirt Party/SEGGER/SEGGER/SEGGER_SYSVIEW.o
                0x00000000080031a0                SEGGER_SYSVIEW_RecordEnterISR
 .text.SEGGER_SYSVIEW_RecordExitISR
                0x0000000008003224       0x38 Thirt Party/SEGGER/SEGGER/SEGGER_SYSVIEW.o
                0x0000000008003224                SEGGER_SYSVIEW_RecordExitISR
 .text.SEGGER_SYSVIEW_RecordExitISRToScheduler
                0x000000000800325c       0x38 Thirt Party/SEGGER/SEGGER/SEGGER_SYSVIEW.o
                0x000000000800325c                SEGGER_SYSVIEW_RecordExitISRToScheduler
 .text.SEGGER_SYSVIEW_OnIdle
                0x0000000008003294       0x38 Thirt Party/SEGGER/SEGGER/SEGGER_SYSVIEW.o
                0x0000000008003294                SEGGER_SYSVIEW_OnIdle
 .text.SEGGER_SYSVIEW_OnTaskCreate
                0x00000000080032cc       0x88 Thirt Party/SEGGER/SEGGER/SEGGER_SYSVIEW.o
                0x00000000080032cc                SEGGER_SYSVIEW_OnTaskCreate
 .text.SEGGER_SYSVIEW_OnTaskStartExec
                0x0000000008003354       0x88 Thirt Party/SEGGER/SEGGER/SEGGER_SYSVIEW.o
                0x0000000008003354                SEGGER_SYSVIEW_OnTaskStartExec
 .text.SEGGER_SYSVIEW_OnTaskStartReady
                0x00000000080033dc       0x88 Thirt Party/SEGGER/SEGGER/SEGGER_SYSVIEW.o
                0x00000000080033dc                SEGGER_SYSVIEW_OnTaskStartReady
 .text.SEGGER_SYSVIEW_SendModule
                0x0000000008003464      0x100 Thirt Party/SEGGER/SEGGER/SEGGER_SYSVIEW.o
                0x0000000008003464                SEGGER_SYSVIEW_SendModule
 .text.SEGGER_SYSVIEW_SendModuleDescription
                0x0000000008003564       0x3c Thirt Party/SEGGER/SEGGER/SEGGER_SYSVIEW.o
                0x0000000008003564                SEGGER_SYSVIEW_SendModuleDescription
 .text.SEGGER_SYSVIEW_SendNumModules
                0x00000000080035a0       0x7c Thirt Party/SEGGER/SEGGER/SEGGER_SYSVIEW.o
                0x00000000080035a0                SEGGER_SYSVIEW_SendNumModules
 .text.SEGGER_SYSVIEW_Warn
                0x000000000800361c       0xb8 Thirt Party/SEGGER/SEGGER/SEGGER_SYSVIEW.o
                0x000000000800361c                SEGGER_SYSVIEW_Warn
 .text.__libc_init_array
                0x00000000080036d4       0x48 d:/st/stm32cubeide_1.3.0/stm32cubeide/plugins/com.st.stm32cube.ide.mcu.externaltools.gnu-tools-for-stm32.7-2018-q2-update.win32_1.5.0.202011040924/tools/bin/../lib/gcc/arm-none-eabi/7.3.1/../../../../arm-none-eabi/lib/thumb/v7e-m/fpv4-sp/hard\libc_nano.a(lib_a-init.o)
                0x00000000080036d4                __libc_init_array
 .text.memcmp   0x000000000800371c       0x1e d:/st/stm32cubeide_1.3.0/stm32cubeide/plugins/com.st.stm32cube.ide.mcu.externaltools.gnu-tools-for-stm32.7-2018-q2-update.win32_1.5.0.202011040924/tools/bin/../lib/gcc/arm-none-eabi/7.3.1/../../../../arm-none-eabi/lib/thumb/v7e-m/fpv4-sp/hard\libc_nano.a(lib_a-memcmp.o)
                0x000000000800371c                memcmp
 .text.memcpy   0x000000000800373a       0x16 d:/st/stm32cubeide_1.3.0/stm32cubeide/plugins/com.st.stm32cube.ide.mcu.externaltools.gnu-tools-for-stm32.7-2018-q2-update.win32_1.5.0.202011040924/tools/bin/../lib/gcc/arm-none-eabi/7.3.1/../../../../arm-none-eabi/lib/thumb/v7e-m/fpv4-sp/hard\libc_nano.a(lib_a-memcpy-stub.o)
                0x000000000800373a                memcpy
 .text.memset   0x0000000008003750       0x10 d:/st/stm32cubeide_1.3.0/stm32cubeide/plugins/com.st.stm32cube.ide.mcu.externaltools.gnu-tools-for-stm32.7-2018-q2-update.win32_1.5.0.202011040924/tools/bin/../lib/gcc/arm-none-eabi/7.3.1/../../../../arm-none-eabi/lib/thumb/v7e-m/fpv4-sp/hard\libc_nano.a(lib_a-memset.o)
                0x0000000008003750                memset
 *(.glue_7)
 .glue_7        0x0000000008003760        0x0 linker stubs
 *(.glue_7t)
 .glue_7t       0x0000000008003760        0x0 linker stubs
 *(.eh_frame)
 .eh_frame      0x0000000008003760        0x0 d:/st/stm32cubeide_1.3.0/stm32cubeide/plugins/com.st.stm32cube.ide.mcu.externaltools.gnu-tools-for-stm32.7-2018-q2-update.win32_1.5.0.202011040924/tools/bin/../lib/gcc/arm-none-eabi/7.3.1/thumb/v7e-m/fpv4-sp/hard/crtbegin.o
 *(.init)
 .init          0x0000000008003760        0x4 d:/st/stm32cubeide_1.3.0/stm32cubeide/plugins/com.st.stm32cube.ide.mcu.externaltools.gnu-tools-for-stm32.7-2018-q2-update.win32_1.5.0.202011040924/tools/bin/../lib/gcc/arm-none-eabi/7.3.1/thumb/v7e-m/fpv4-sp/hard/crti.o
                0x0000000008003760                _init
 .init          0x0000000008003764        0x8 d:/st/stm32cubeide_1.3.0/stm32cubeide/plugins/com.st.stm32cube.ide.mcu.externaltools.gnu-tools-for-stm32.7-2018-q2-update.win32_1.5.0.202011040924/tools/bin/../lib/gcc/arm-none-eabi/7.3.1/thumb/v7e-m/fpv4-sp/hard/crtn.o
 *(.fini)
 .fini          0x000000000800376c        0x4 d:/st/stm32cubeide_1.3.0/stm32cubeide/plugins/com.st.stm32cube.ide.mcu.externaltools.gnu-tools-for-stm32.7-2018-q2-update.win32_1.5.0.202011040924/tools/bin/../lib/gcc/arm-none-eabi/7.3.1/thumb/v7e-m/fpv4-sp/hard/crti.o
                0x000000000800376c                _fini
 .fini          0x0000000008003770        0x8 d:/st/stm32cubeide_1.3.0/stm32cubeide/plugins/com.st.stm32cube.ide.mcu.externaltools.gnu-tools-for-stm32.7-2018-q2-update.win32_1.5.0.202011040924/tools/bin/../lib/gcc/arm-none-eabi/7.3.1/thumb/v7e-m/fpv4-sp/hard/crtn.o
                0x0000000008003778                . = ALIGN (0x4)
                0x0000000008003778                _etext = .

.vfp11_veneer   0x0000000008003778        0x0
 .vfp11_veneer  0x0000000008003778        0x0 linker stubs

.v4_bx          0x0000000008003778        0x0
 .v4_bx         0x0000000008003778        0x0 linker stubs

.iplt           0x0000000008003778        0x0
 .iplt          0x0000000008003778        0x0 d:/st/stm32cubeide_1.3.0/stm32cubeide/plugins/com.st.stm32cube.ide.mcu.externaltools.gnu-tools-for-stm32.7-2018-q2-update.win32_1.5.0.202011040924/tools/bin/../lib/gcc/arm-none-eabi/7.3.1/thumb/v7e-m/fpv4-sp/hard/crtbegin.o

.rodata         0x0000000008003778      0x108
                0x0000000008003778                . = ALIGN (0x4)
 *(.rodata)
 .rodata        0x0000000008003778        0x9 Core/Src/main.o
 *fill*         0x0000000008003781        0x3 
 .rodata        0x0000000008003784        0x5 Thirt Party/FreeRTOS/org/Source/tasks.o
 *fill*         0x0000000008003789        0x3 
 .rodata        0x000000000800378c       0x55 Thirt Party/SEGGER/Config/SEGGER_SYSVIEW_Config_FreeRTOS.o
 *fill*         0x00000000080037e1        0x3 
 .rodata        0x00000000080037e4       0x58 Thirt Party/SEGGER/OS/SEGGER_SYSVIEW_FreeRTOS.o
 .rodata        0x000000000800383c       0x17 Thirt Party/SEGGER/SEGGER/SEGGER_RTT.o
 *fill*         0x0000000008003853        0x1 
 .rodata        0x0000000008003854        0x8 Thirt Party/SEGGER/SEGGER/SEGGER_SYSVIEW.o
 *(.rodata*)
 .rodata.AHBPrescTable
                0x000000000800385c       0x10 Core/Src/system_stm32f4xx.o
                0x000000000800385c                AHBPrescTable
 .rodata.SYSVIEW_X_OS_TraceAPI
                0x000000000800386c        0x8 Thirt Party/SEGGER/OS/SEGGER_SYSVIEW_FreeRTOS.o
                0x000000000800386c                SYSVIEW_X_OS_TraceAPI
 .rodata._abSync
                0x0000000008003874        0xa Thirt Party/SEGGER/SEGGER/SEGGER_SYSVIEW.o
                0x0000000008003880                . = ALIGN (0x4)
 *fill*         0x000000000800387e        0x2 

.rel.dyn        0x0000000008003880        0x0
 .rel.iplt      0x0000000008003880        0x0 d:/st/stm32cubeide_1.3.0/stm32cubeide/plugins/com.st.stm32cube.ide.mcu.externaltools.gnu-tools-for-stm32.7-2018-q2-update.win32_1.5.0.202011040924/tools/bin/../lib/gcc/arm-none-eabi/7.3.1/thumb/v7e-m/fpv4-sp/hard/crtbegin.o

.ARM.extab      0x0000000008003880        0x0
                0x0000000008003880                . = ALIGN (0x4)
 *(.ARM.extab* .gnu.linkonce.armextab.*)
                0x0000000008003880                . = ALIGN (0x4)

.ARM            0x0000000008003880        0x0
                0x0000000008003880                . = ALIGN (0x4)
                0x0000000008003880                __exidx_start = .
 *(.ARM.exidx*)
                0x0000000008003880                __exidx_end = .
                0x0000000008003880                . = ALIGN (0x4)

.preinit_array  0x0000000008003880        0x0
                0x0000000008003880                . = ALIGN (0x4)
                0x0000000008003880                PROVIDE (__preinit_array_start = .)
 *(.preinit_array*)
                0x0000000008003880                PROVIDE (__preinit_array_end = .)
                0x0000000008003880                . = ALIGN (0x4)

.init_array     0x0000000008003880        0x4
                0x0000000008003880                . = ALIGN (0x4)
                0x0000000008003880                PROVIDE (__init_array_start = .)
 *(SORT_BY_NAME(.init_array.*))
 *(.init_array*)
 .init_array    0x0000000008003880        0x4 d:/st/stm32cubeide_1.3.0/stm32cubeide/plugins/com.st.stm32cube.ide.mcu.externaltools.gnu-tools-for-stm32.7-2018-q2-update.win32_1.5.0.202011040924/tools/bin/../lib/gcc/arm-none-eabi/7.3.1/thumb/v7e-m/fpv4-sp/hard/crtbegin.o
                0x0000000008003884                PROVIDE (__init_array_end = .)
                0x0000000008003884                . = ALIGN (0x4)

.fini_array     0x0000000008003884        0x4
                0x0000000008003884                . = ALIGN (0x4)
                [!provide]                        PROVIDE (__fini_array_start = .)
 *(SORT_BY_NAME(.fini_array.*))
 *(.fini_array*)
 .fini_array    0x0000000008003884        0x4 d:/st/stm32cubeide_1.3.0/stm32cubeide/plugins/com.st.stm32cube.ide.mcu.externaltools.gnu-tools-for-stm32.7-2018-q2-update.win32_1.5.0.202011040924/tools/bin/../lib/gcc/arm-none-eabi/7.3.1/thumb/v7e-m/fpv4-sp/hard/crtbegin.o
                [!provide]                        PROVIDE (__fini_array_end = .)
                0x0000000008003888                . = ALIGN (0x4)
                0x0000000008003888                _sidata = LOADADDR (.data)

.data           0x0000000020000000       0x18 load address 0x0000000008003888
                0x0000000020000000                . = ALIGN (0x4)
                0x0000000020000000                _sdata = .
 *(.data)
 *(.data*)
 .data.SystemCoreClock
                0x0000000020000000        0x4 Core/Src/system_stm32f4xx.o
                0x0000000020000000                SystemCoreClock
 .data.APBAHBPrescTable
                0x0000000020000004       0x10 Drivers/StdPeriph_Driver/src/stm32f4xx_rcc.o
 .data.uxCriticalNesting
                0x0000000020000014        0x4 Thirt Party/FreeRTOS/org/Source/portable/GCC/ARM_CM4F/port.o
 *(.RamFunc)
 *(.RamFunc*)
                0x0000000020000018                . = ALIGN (0x4)
                0x0000000020000018                _edata = .

.igot.plt       0x0000000020000018        0x0 load address 0x00000000080038a0
 .igot.plt      0x0000000020000018        0x0 d:/st/stm32cubeide_1.3.0/stm32cubeide/plugins/com.st.stm32cube.ide.mcu.externaltools.gnu-tools-for-stm32.7-2018-q2-update.win32_1.5.0.202011040924/tools/bin/../lib/gcc/arm-none-eabi/7.3.1/thumb/v7e-m/fpv4-sp/hard/crtbegin.o
                0x0000000020000018                . = ALIGN (0x4)

.bss            0x0000000020000018    0x173bc load address 0x00000000080038a0
                0x0000000020000018                _sbss = .
                0x0000000020000018                __bss_start__ = _sbss
 *(.bss)
 .bss           0x0000000020000018       0x1c d:/st/stm32cubeide_1.3.0/stm32cubeide/plugins/com.st.stm32cube.ide.mcu.externaltools.gnu-tools-for-stm32.7-2018-q2-update.win32_1.5.0.202011040924/tools/bin/../lib/gcc/arm-none-eabi/7.3.1/thumb/v7e-m/fpv4-sp/hard/crtbegin.o
 *(.bss*)
 .bss.button_status_flag
                0x0000000020000034        0x1 Core/Src/main.o
                0x0000000020000034                button_status_flag
 *fill*         0x0000000020000035        0x3 
 .bss.pxCurrentTCB
                0x0000000020000038        0x4 Thirt Party/FreeRTOS/org/Source/tasks.o
                0x0000000020000038                pxCurrentTCB
 .bss.pxReadyTasksLists
                0x000000002000003c       0x64 Thirt Party/FreeRTOS/org/Source/tasks.o
 .bss.xDelayedTaskList1
                0x00000000200000a0       0x14 Thirt Party/FreeRTOS/org/Source/tasks.o
 .bss.xDelayedTaskList2
                0x00000000200000b4       0x14 Thirt Party/FreeRTOS/org/Source/tasks.o
 .bss.pxDelayedTaskList
                0x00000000200000c8        0x4 Thirt Party/FreeRTOS/org/Source/tasks.o
 .bss.pxOverflowDelayedTaskList
                0x00000000200000cc        0x4 Thirt Party/FreeRTOS/org/Source/tasks.o
 .bss.xPendingReadyList
                0x00000000200000d0       0x14 Thirt Party/FreeRTOS/org/Source/tasks.o
 .bss.xTasksWaitingTermination
                0x00000000200000e4       0x14 Thirt Party/FreeRTOS/org/Source/tasks.o
 .bss.uxDeletedTasksWaitingCleanUp
                0x00000000200000f8        0x4 Thirt Party/FreeRTOS/org/Source/tasks.o
 .bss.xSuspendedTaskList
                0x00000000200000fc       0x14 Thirt Party/FreeRTOS/org/Source/tasks.o
 .bss.uxCurrentNumberOfTasks
                0x0000000020000110        0x4 Thirt Party/FreeRTOS/org/Source/tasks.o
 .bss.xTickCount
                0x0000000020000114        0x4 Thirt Party/FreeRTOS/org/Source/tasks.o
 .bss.uxTopReadyPriority
                0x0000000020000118        0x4 Thirt Party/FreeRTOS/org/Source/tasks.o
 .bss.xSchedulerRunning
                0x000000002000011c        0x4 Thirt Party/FreeRTOS/org/Source/tasks.o
 .bss.uxPendedTicks
                0x0000000020000120        0x4 Thirt Party/FreeRTOS/org/Source/tasks.o
 .bss.xYieldPending
                0x0000000020000124        0x4 Thirt Party/FreeRTOS/org/Source/tasks.o
 .bss.xNumOfOverflows
                0x0000000020000128        0x4 Thirt Party/FreeRTOS/org/Source/tasks.o
 .bss.uxTaskNumber
                0x000000002000012c        0x4 Thirt Party/FreeRTOS/org/Source/tasks.o
 .bss.xNextTaskUnblockTime
                0x0000000020000130        0x4 Thirt Party/FreeRTOS/org/Source/tasks.o
 .bss.xIdleTaskHandle
                0x0000000020000134        0x4 Thirt Party/FreeRTOS/org/Source/tasks.o
 .bss.uxSchedulerSuspended
                0x0000000020000138        0x4 Thirt Party/FreeRTOS/org/Source/tasks.o
 .bss.ucMaxSysCallPriority
                0x000000002000013c        0x1 Thirt Party/FreeRTOS/org/Source/portable/GCC/ARM_CM4F/port.o
 *fill*         0x000000002000013d        0x3 
 .bss.ulMaxPRIGROUPValue
                0x0000000020000140        0x4 Thirt Party/FreeRTOS/org/Source/portable/GCC/ARM_CM4F/port.o
 .bss.ucHeap    0x0000000020000144    0x12c00 Thirt Party/FreeRTOS/org/Source/portable/MemMang/heap_4.o
 .bss.xStart    0x0000000020012d44        0x8 Thirt Party/FreeRTOS/org/Source/portable/MemMang/heap_4.o
 .bss.pxEnd     0x0000000020012d4c        0x4 Thirt Party/FreeRTOS/org/Source/portable/MemMang/heap_4.o
 .bss.xFreeBytesRemaining
                0x0000000020012d50        0x4 Thirt Party/FreeRTOS/org/Source/portable/MemMang/heap_4.o
 .bss.xMinimumEverFreeBytesRemaining
                0x0000000020012d54        0x4 Thirt Party/FreeRTOS/org/Source/portable/MemMang/heap_4.o
 .bss.xBlockAllocatedBit
                0x0000000020012d58        0x4 Thirt Party/FreeRTOS/org/Source/portable/MemMang/heap_4.o
 .bss._aTasks   0x0000000020012d5c       0xa0 Thirt Party/SEGGER/OS/SEGGER_SYSVIEW_FreeRTOS.o
 .bss._NumTasks
                0x0000000020012dfc        0x4 Thirt Party/SEGGER/OS/SEGGER_SYSVIEW_FreeRTOS.o
 .bss._acUpBuffer
                0x0000000020012e00      0x400 Thirt Party/SEGGER/SEGGER/SEGGER_RTT.o
 .bss._acDownBuffer
                0x0000000020013200       0x10 Thirt Party/SEGGER/SEGGER/SEGGER_RTT.o
 .bss._UpBuffer
                0x0000000020013210     0x4000 Thirt Party/SEGGER/SEGGER/SEGGER_SYSVIEW.o
 .bss._DownBuffer
                0x0000000020017210        0x8 Thirt Party/SEGGER/SEGGER/SEGGER_SYSVIEW.o
 .bss._SYSVIEW_Globals
                0x0000000020017218       0x28 Thirt Party/SEGGER/SEGGER/SEGGER_SYSVIEW.o
 .bss._pFirstModule
                0x0000000020017240        0x4 Thirt Party/SEGGER/SEGGER/SEGGER_SYSVIEW.o
 .bss._NumModules
                0x0000000020017244        0x1 Thirt Party/SEGGER/SEGGER/SEGGER_SYSVIEW.o
 *fill*         0x0000000020017245        0x3 
 .bss._aPacket  0x0000000020017248       0xe3 Thirt Party/SEGGER/SEGGER/SEGGER_SYSVIEW.o
 *(COMMON)
 *fill*         0x000000002001732b        0x1 
 COMMON         0x000000002001732c       0xa8 Thirt Party/SEGGER/SEGGER/SEGGER_RTT.o
                0x000000002001732c                _SEGGER_RTT
                0x00000000200173d4                . = ALIGN (0x4)
                0x00000000200173d4                _ebss = .
                0x00000000200173d4                __bss_end__ = _ebss

._user_heap_stack
                0x00000000200173d4      0x604 load address 0x00000000080038a0
                0x00000000200173d8                . = ALIGN (0x8)
 *fill*         0x00000000200173d4        0x4 
                [!provide]                        PROVIDE (end = .)
                [!provide]                        PROVIDE (_end = .)
                0x00000000200175d8                . = (. + _Min_Heap_Size)
 *fill*         0x00000000200173d8      0x200 
                0x00000000200179d8                . = (. + _Min_Stack_Size)
 *fill*         0x00000000200175d8      0x400 
                0x00000000200179d8                . = ALIGN (0x8)

/DISCARD/
 libc.a(*)
 libm.a(*)
 libgcc.a(*)

.ARM.attributes
                0x0000000000000000       0x30
 *(.ARM.attributes)
 .ARM.attributes
                0x0000000000000000       0x22 d:/st/stm32cubeide_1.3.0/stm32cubeide/plugins/com.st.stm32cube.ide.mcu.externaltools.gnu-tools-for-stm32.7-2018-q2-update.win32_1.5.0.202011040924/tools/bin/../lib/gcc/arm-none-eabi/7.3.1/thumb/v7e-m/fpv4-sp/hard/crti.o
 .ARM.attributes
                0x0000000000000022       0x34 d:/st/stm32cubeide_1.3.0/stm32cubeide/plugins/com.st.stm32cube.ide.mcu.externaltools.gnu-tools-for-stm32.7-2018-q2-update.win32_1.5.0.202011040924/tools/bin/../lib/gcc/arm-none-eabi/7.3.1/thumb/v7e-m/fpv4-sp/hard/crtbegin.o
 .ARM.attributes
                0x0000000000000056       0x39 Core/Src/main.o
 .ARM.attributes
                0x000000000000008f       0x39 Core/Src/system_stm32f4xx.o
 .ARM.attributes
                0x00000000000000c8       0x21 Core/Startup/startup_stm32f407vgtx.o
 .ARM.attributes
                0x00000000000000e9       0x39 Drivers/StdPeriph_Driver/src/stm32f4xx_exti.o
 .ARM.attributes
                0x0000000000000122       0x39 Drivers/StdPeriph_Driver/src/stm32f4xx_gpio.o
 .ARM.attributes
                0x000000000000015b       0x39 Drivers/StdPeriph_Driver/src/stm32f4xx_rcc.o
 .ARM.attributes
                0x0000000000000194       0x39 Drivers/StdPeriph_Driver/src/stm32f4xx_syscfg.o
 .ARM.attributes
                0x00000000000001cd       0x39 Drivers/StdPeriph_Driver/src/stm32f4xx_usart.o
 .ARM.attributes
                0x0000000000000206       0x39 Thirt Party/FreeRTOS/org/Source/list.o
 .ARM.attributes
                0x000000000000023f       0x39 Thirt Party/FreeRTOS/org/Source/tasks.o
 .ARM.attributes
                0x0000000000000278       0x39 Thirt Party/FreeRTOS/org/Source/portable/GCC/ARM_CM4F/port.o
 .ARM.attributes
                0x00000000000002b1       0x39 Thirt Party/FreeRTOS/org/Source/portable/MemMang/heap_4.o
 .ARM.attributes
                0x00000000000002ea       0x39 Thirt Party/SEGGER/Config/SEGGER_SYSVIEW_Config_FreeRTOS.o
 .ARM.attributes
                0x0000000000000323       0x39 Thirt Party/SEGGER/OS/SEGGER_SYSVIEW_FreeRTOS.o
 .ARM.attributes
                0x000000000000035c       0x39 Thirt Party/SEGGER/SEGGER/SEGGER_RTT.o
 .ARM.attributes
                0x0000000000000395       0x39 Thirt Party/SEGGER/SEGGER/SEGGER_SYSVIEW.o
 .ARM.attributes
                0x00000000000003ce       0x34 d:/st/stm32cubeide_1.3.0/stm32cubeide/plugins/com.st.stm32cube.ide.mcu.externaltools.gnu-tools-for-stm32.7-2018-q2-update.win32_1.5.0.202011040924/tools/bin/../lib/gcc/arm-none-eabi/7.3.1/../../../../arm-none-eabi/lib/thumb/v7e-m/fpv4-sp/hard\libc_nano.a(lib_a-init.o)
 .ARM.attributes
                0x0000000000000402       0x34 d:/st/stm32cubeide_1.3.0/stm32cubeide/plugins/com.st.stm32cube.ide.mcu.externaltools.gnu-tools-for-stm32.7-2018-q2-update.win32_1.5.0.202011040924/tools/bin/../lib/gcc/arm-none-eabi/7.3.1/../../../../arm-none-eabi/lib/thumb/v7e-m/fpv4-sp/hard\libc_nano.a(lib_a-memcmp.o)
 .ARM.attributes
                0x0000000000000436       0x34 d:/st/stm32cubeide_1.3.0/stm32cubeide/plugins/com.st.stm32cube.ide.mcu.externaltools.gnu-tools-for-stm32.7-2018-q2-update.win32_1.5.0.202011040924/tools/bin/../lib/gcc/arm-none-eabi/7.3.1/../../../../arm-none-eabi/lib/thumb/v7e-m/fpv4-sp/hard\libc_nano.a(lib_a-memcpy-stub.o)
 .ARM.attributes
                0x000000000000046a       0x34 d:/st/stm32cubeide_1.3.0/stm32cubeide/plugins/com.st.stm32cube.ide.mcu.externaltools.gnu-tools-for-stm32.7-2018-q2-update.win32_1.5.0.202011040924/tools/bin/../lib/gcc/arm-none-eabi/7.3.1/../../../../arm-none-eabi/lib/thumb/v7e-m/fpv4-sp/hard\libc_nano.a(lib_a-memset.o)
 .ARM.attributes
                0x000000000000049e       0x22 d:/st/stm32cubeide_1.3.0/stm32cubeide/plugins/com.st.stm32cube.ide.mcu.externaltools.gnu-tools-for-stm32.7-2018-q2-update.win32_1.5.0.202011040924/tools/bin/../lib/gcc/arm-none-eabi/7.3.1/thumb/v7e-m/fpv4-sp/hard/crtn.o
OUTPUT(RTOS_Led_Button_IT.elf elf32-littlearm)

.debug_info     0x0000000000000000     0xde23
 .debug_info    0x0000000000000000     0x1360 Core/Src/main.o
 .debug_info    0x0000000000001360      0x521 Core/Src/system_stm32f4xx.o
 .debug_info    0x0000000000001881       0x22 Core/Startup/startup_stm32f407vgtx.o
 .debug_info    0x00000000000018a3      0x358 Drivers/StdPeriph_Driver/src/stm32f4xx_exti.o
 .debug_info    0x0000000000001bfb      0x62b Drivers/StdPeriph_Driver/src/stm32f4xx_gpio.o
 .debug_info    0x0000000000002226      0xe67 Drivers/StdPeriph_Driver/src/stm32f4xx_rcc.o
 .debug_info    0x000000000000308d      0x2a6 Drivers/StdPeriph_Driver/src/stm32f4xx_syscfg.o
 .debug_info    0x0000000000003333      0x9d4 Drivers/StdPeriph_Driver/src/stm32f4xx_usart.o
 .debug_info    0x0000000000003d07      0xacb Thirt Party/FreeRTOS/org/Source/list.o
 .debug_info    0x00000000000047d2     0x2723 Thirt Party/FreeRTOS/org/Source/tasks.o
 .debug_info    0x0000000000006ef5      0x533 Thirt Party/FreeRTOS/org/Source/portable/GCC/ARM_CM4F/port.o
 .debug_info    0x0000000000007428      0xbec Thirt Party/FreeRTOS/org/Source/portable/MemMang/heap_4.o
 .debug_info    0x0000000000008014      0x10f Thirt Party/SEGGER/Config/SEGGER_SYSVIEW_Config_FreeRTOS.o
 .debug_info    0x0000000000008123      0xb7d Thirt Party/SEGGER/OS/SEGGER_SYSVIEW_FreeRTOS.o
 .debug_info    0x0000000000008ca0     0x16a9 Thirt Party/SEGGER/SEGGER/SEGGER_RTT.o
 .debug_info    0x000000000000a349     0x3ada Thirt Party/SEGGER/SEGGER/SEGGER_SYSVIEW.o

.debug_abbrev   0x0000000000000000     0x1e95
 .debug_abbrev  0x0000000000000000      0x31b Core/Src/main.o
 .debug_abbrev  0x000000000000031b      0x122 Core/Src/system_stm32f4xx.o
 .debug_abbrev  0x000000000000043d       0x12 Core/Startup/startup_stm32f407vgtx.o
 .debug_abbrev  0x000000000000044f      0x1c3 Drivers/StdPeriph_Driver/src/stm32f4xx_exti.o
 .debug_abbrev  0x0000000000000612      0x1bf Drivers/StdPeriph_Driver/src/stm32f4xx_gpio.o
 .debug_abbrev  0x00000000000007d1      0x1d4 Drivers/StdPeriph_Driver/src/stm32f4xx_rcc.o
 .debug_abbrev  0x00000000000009a5      0x14b Drivers/StdPeriph_Driver/src/stm32f4xx_syscfg.o
 .debug_abbrev  0x0000000000000af0      0x187 Drivers/StdPeriph_Driver/src/stm32f4xx_usart.o
 .debug_abbrev  0x0000000000000c77      0x1cf Thirt Party/FreeRTOS/org/Source/list.o
 .debug_abbrev  0x0000000000000e46      0x35f Thirt Party/FreeRTOS/org/Source/tasks.o
 .debug_abbrev  0x00000000000011a5      0x210 Thirt Party/FreeRTOS/org/Source/portable/GCC/ARM_CM4F/port.o
 .debug_abbrev  0x00000000000013b5      0x29e Thirt Party/FreeRTOS/org/Source/portable/MemMang/heap_4.o
 .debug_abbrev  0x0000000000001653       0xb5 Thirt Party/SEGGER/Config/SEGGER_SYSVIEW_Config_FreeRTOS.o
 .debug_abbrev  0x0000000000001708      0x1ed Thirt Party/SEGGER/OS/SEGGER_SYSVIEW_FreeRTOS.o
 .debug_abbrev  0x00000000000018f5      0x2a0 Thirt Party/SEGGER/SEGGER/SEGGER_RTT.o
 .debug_abbrev  0x0000000000001b95      0x300 Thirt Party/SEGGER/SEGGER/SEGGER_SYSVIEW.o

.debug_aranges  0x0000000000000000      0xb88
 .debug_aranges
                0x0000000000000000       0x68 Core/Src/main.o
 .debug_aranges
                0x0000000000000068       0x28 Core/Src/system_stm32f4xx.o
 .debug_aranges
                0x0000000000000090       0x28 Core/Startup/startup_stm32f407vgtx.o
 .debug_aranges
                0x00000000000000b8       0x58 Drivers/StdPeriph_Driver/src/stm32f4xx_exti.o
 .debug_aranges
                0x0000000000000110       0x88 Drivers/StdPeriph_Driver/src/stm32f4xx_gpio.o
 .debug_aranges
                0x0000000000000198      0x1c0 Drivers/StdPeriph_Driver/src/stm32f4xx_rcc.o
 .debug_aranges
                0x0000000000000358       0x50 Drivers/StdPeriph_Driver/src/stm32f4xx_syscfg.o
 .debug_aranges
                0x00000000000003a8      0x100 Drivers/StdPeriph_Driver/src/stm32f4xx_usart.o
 .debug_aranges
                0x00000000000004a8       0x40 Thirt Party/FreeRTOS/org/Source/list.o
 .debug_aranges
                0x00000000000004e8      0x1e8 Thirt Party/FreeRTOS/org/Source/tasks.o
 .debug_aranges
                0x00000000000006d0       0x80 Thirt Party/FreeRTOS/org/Source/portable/GCC/ARM_CM4F/port.o
 .debug_aranges
                0x0000000000000750       0x50 Thirt Party/FreeRTOS/org/Source/portable/MemMang/heap_4.o
 .debug_aranges
                0x00000000000007a0       0x28 Thirt Party/SEGGER/Config/SEGGER_SYSVIEW_Config_FreeRTOS.o
 .debug_aranges
                0x00000000000007c8       0x48 Thirt Party/SEGGER/OS/SEGGER_SYSVIEW_FreeRTOS.o
 .debug_aranges
                0x0000000000000810      0x110 Thirt Party/SEGGER/SEGGER/SEGGER_RTT.o
 .debug_aranges
                0x0000000000000920      0x268 Thirt Party/SEGGER/SEGGER/SEGGER_SYSVIEW.o

.debug_ranges   0x0000000000000000      0xa90
 .debug_ranges  0x0000000000000000       0x58 Core/Src/main.o
 .debug_ranges  0x0000000000000058       0x18 Core/Src/system_stm32f4xx.o
 .debug_ranges  0x0000000000000070       0x20 Core/Startup/startup_stm32f407vgtx.o
 .debug_ranges  0x0000000000000090       0x48 Drivers/StdPeriph_Driver/src/stm32f4xx_exti.o
 .debug_ranges  0x00000000000000d8       0x78 Drivers/StdPeriph_Driver/src/stm32f4xx_gpio.o
 .debug_ranges  0x0000000000000150      0x1b0 Drivers/StdPeriph_Driver/src/stm32f4xx_rcc.o
 .debug_ranges  0x0000000000000300       0x40 Drivers/StdPeriph_Driver/src/stm32f4xx_syscfg.o
 .debug_ranges  0x0000000000000340       0xf0 Drivers/StdPeriph_Driver/src/stm32f4xx_usart.o
 .debug_ranges  0x0000000000000430       0x30 Thirt Party/FreeRTOS/org/Source/list.o
 .debug_ranges  0x0000000000000460      0x1d8 Thirt Party/FreeRTOS/org/Source/tasks.o
 .debug_ranges  0x0000000000000638       0x70 Thirt Party/FreeRTOS/org/Source/portable/GCC/ARM_CM4F/port.o
 .debug_ranges  0x00000000000006a8       0x40 Thirt Party/FreeRTOS/org/Source/portable/MemMang/heap_4.o
 .debug_ranges  0x00000000000006e8       0x18 Thirt Party/SEGGER/Config/SEGGER_SYSVIEW_Config_FreeRTOS.o
 .debug_ranges  0x0000000000000700       0x38 Thirt Party/SEGGER/OS/SEGGER_SYSVIEW_FreeRTOS.o
 .debug_ranges  0x0000000000000738      0x100 Thirt Party/SEGGER/SEGGER/SEGGER_RTT.o
 .debug_ranges  0x0000000000000838      0x258 Thirt Party/SEGGER/SEGGER/SEGGER_SYSVIEW.o

.debug_macro    0x0000000000000000    0x132b5
 .debug_macro   0x0000000000000000      0x3fa Core/Src/main.o
 .debug_macro   0x00000000000003fa      0xa6c Core/Src/main.o
 .debug_macro   0x0000000000000e66       0x22 Core/Src/main.o
 .debug_macro   0x0000000000000e88       0x40 Core/Src/main.o
 .debug_macro   0x0000000000000ec8       0x18 Core/Src/main.o
 .debug_macro   0x0000000000000ee0       0x94 Core/Src/main.o
 .debug_macro   0x0000000000000f74       0x3c Core/Src/main.o
 .debug_macro   0x0000000000000fb0       0x34 Core/Src/main.o
 .debug_macro   0x0000000000000fe4       0x16 Core/Src/main.o
 .debug_macro   0x0000000000000ffa       0x57 Core/Src/main.o
 .debug_macro   0x0000000000001051       0x97 Core/Src/main.o
 .debug_macro   0x00000000000010e8      0x330 Core/Src/main.o
 .debug_macro   0x0000000000001418       0xfd Core/Src/main.o
 .debug_macro   0x0000000000001515       0x10 Core/Src/main.o
 .debug_macro   0x0000000000001525       0x52 Core/Src/main.o
 .debug_macro   0x0000000000001577       0x1f Core/Src/main.o
 .debug_macro   0x0000000000001596       0x43 Core/Src/main.o
 .debug_macro   0x00000000000015d9       0x20 Core/Src/main.o
 .debug_macro   0x00000000000015f9      0x1a3 Core/Src/main.o
 .debug_macro   0x000000000000179c       0x10 Core/Src/main.o
 .debug_macro   0x00000000000017ac       0x6a Core/Src/main.o
 .debug_macro   0x0000000000001816       0x1c Core/Src/main.o
 .debug_macro   0x0000000000001832       0x52 Core/Src/main.o
 .debug_macro   0x0000000000001884       0x40 Core/Src/main.o
 .debug_macro   0x00000000000018c4       0x10 Core/Src/main.o
 .debug_macro   0x00000000000018d4       0x40 Core/Src/main.o
 .debug_macro   0x0000000000001914       0xd7 Core/Src/main.o
 .debug_macro   0x00000000000019eb       0x1c Core/Src/main.o
 .debug_macro   0x0000000000001a07       0x3d Core/Src/main.o
 .debug_macro   0x0000000000001a44       0x16 Core/Src/main.o
 .debug_macro   0x0000000000001a5a      0x145 Core/Src/main.o
 .debug_macro   0x0000000000001b9f       0xef Core/Src/main.o
 .debug_macro   0x0000000000001c8e      0x1df Core/Src/main.o
 .debug_macro   0x0000000000001e6d       0x16 Core/Src/main.o
 .debug_macro   0x0000000000001e83       0x35 Core/Src/main.o
 .debug_macro   0x0000000000001eb8       0x20 Core/Src/main.o
 .debug_macro   0x0000000000001ed8       0x65 Core/Src/main.o
 .debug_macro   0x0000000000001f3d       0x3b Core/Src/main.o
 .debug_macro   0x0000000000001f78       0x34 Core/Src/main.o
 .debug_macro   0x0000000000001fac       0x26 Core/Src/main.o
 .debug_macro   0x0000000000001fd2      0xe43 Core/Src/main.o
 .debug_macro   0x0000000000002e15     0x91ad Core/Src/main.o
 .debug_macro   0x000000000000bfc2      0x44f Core/Src/main.o
 .debug_macro   0x000000000000c411       0xb2 Core/Src/main.o
 .debug_macro   0x000000000000c4c3      0x477 Core/Src/main.o
 .debug_macro   0x000000000000c93a       0xb5 Core/Src/main.o
 .debug_macro   0x000000000000c9ef      0x41c Core/Src/main.o
 .debug_macro   0x000000000000ce0b      0x2fb Core/Src/main.o
 .debug_macro   0x000000000000d106      0x2ba Core/Src/main.o
 .debug_macro   0x000000000000d3c0       0x64 Core/Src/main.o
 .debug_macro   0x000000000000d424       0xee Core/Src/main.o
 .debug_macro   0x000000000000d512      0x65f Core/Src/main.o
 .debug_macro   0x000000000000db71      0x59e Core/Src/main.o
 .debug_macro   0x000000000000e10f      0x342 Core/Src/main.o
 .debug_macro   0x000000000000e451      0x36c Core/Src/main.o
 .debug_macro   0x000000000000e7bd      0x114 Core/Src/main.o
 .debug_macro   0x000000000000e8d1      0x73b Core/Src/main.o
 .debug_macro   0x000000000000f00c      0x223 Core/Src/main.o
 .debug_macro   0x000000000000f22f       0x34 Core/Src/main.o
 .debug_macro   0x000000000000f263       0x82 Core/Src/main.o
 .debug_macro   0x000000000000f2e5      0x144 Core/Src/main.o
 .debug_macro   0x000000000000f429       0xc3 Core/Src/main.o
 .debug_macro   0x000000000000f4ec       0x40 Core/Src/main.o
 .debug_macro   0x000000000000f52c      0x3cf Core/Src/main.o
 .debug_macro   0x000000000000f8fb      0x188 Core/Src/main.o
 .debug_macro   0x000000000000fa83      0x149 Core/Src/main.o
 .debug_macro   0x000000000000fbcc      0x279 Core/Src/main.o
 .debug_macro   0x000000000000fe45       0x35 Core/Src/main.o
 .debug_macro   0x000000000000fe7a      0x112 Core/Src/main.o
 .debug_macro   0x000000000000ff8c       0x4c Core/Src/main.o
 .debug_macro   0x000000000000ffd8       0x40 Core/Src/main.o
 .debug_macro   0x0000000000010018       0x4c Core/Src/main.o
 .debug_macro   0x0000000000010064      0x1cd Core/Src/main.o
 .debug_macro   0x0000000000010231      0x45a Core/Src/main.o
 .debug_macro   0x000000000001068b      0x15a Core/Src/main.o
 .debug_macro   0x00000000000107e5       0xdd Core/Src/main.o
 .debug_macro   0x00000000000108c2       0x10 Core/Src/main.o
 .debug_macro   0x00000000000108d2       0x1f Core/Src/main.o
 .debug_macro   0x00000000000108f1      0x375 Core/Src/main.o
 .debug_macro   0x0000000000010c66       0xb5 Core/Src/main.o
 .debug_macro   0x0000000000010d1b       0x8c Core/Src/main.o
 .debug_macro   0x0000000000010da7      0x1bc Core/Src/system_stm32f4xx.o
 .debug_macro   0x0000000000010f63       0x8e Core/Src/system_stm32f4xx.o
 .debug_macro   0x0000000000010ff1       0x51 Core/Src/system_stm32f4xx.o
 .debug_macro   0x0000000000011042      0x1c6 Drivers/StdPeriph_Driver/src/stm32f4xx_exti.o
 .debug_macro   0x0000000000011208       0xaf Drivers/StdPeriph_Driver/src/stm32f4xx_exti.o
 .debug_macro   0x00000000000112b7      0x1c0 Drivers/StdPeriph_Driver/src/stm32f4xx_gpio.o
 .debug_macro   0x0000000000011477      0x2f5 Drivers/StdPeriph_Driver/src/stm32f4xx_gpio.o
 .debug_macro   0x000000000001176c      0x293 Drivers/StdPeriph_Driver/src/stm32f4xx_rcc.o
 .debug_macro   0x00000000000119ff      0x20e Drivers/StdPeriph_Driver/src/stm32f4xx_syscfg.o
 .debug_macro   0x0000000000011c0d      0x10e Drivers/StdPeriph_Driver/src/stm32f4xx_syscfg.o
 .debug_macro   0x0000000000011d1b      0x1d8 Drivers/StdPeriph_Driver/src/stm32f4xx_usart.o
 .debug_macro   0x0000000000011ef3      0x21d Drivers/StdPeriph_Driver/src/stm32f4xx_usart.o
 .debug_macro   0x0000000000012110      0x1ba Thirt Party/FreeRTOS/org/Source/list.o
 .debug_macro   0x00000000000122ca      0x2ba Thirt Party/FreeRTOS/org/Source/tasks.o
 .debug_macro   0x0000000000012584       0x10 Thirt Party/FreeRTOS/org/Source/tasks.o
 .debug_macro   0x0000000000012594      0x1d6 Thirt Party/FreeRTOS/org/Source/portable/GCC/ARM_CM4F/port.o
 .debug_macro   0x000000000001276a      0x1e1 Thirt Party/FreeRTOS/org/Source/portable/MemMang/heap_4.o
 .debug_macro   0x000000000001294b      0x116 Thirt Party/SEGGER/Config/SEGGER_SYSVIEW_Config_FreeRTOS.o
 .debug_macro   0x0000000000012a61      0x1d5 Thirt Party/SEGGER/OS/SEGGER_SYSVIEW_FreeRTOS.o
 .debug_macro   0x0000000000012c36      0x169 Thirt Party/SEGGER/SEGGER/SEGGER_RTT.o
 .debug_macro   0x0000000000012d9f       0x4f Thirt Party/SEGGER/SEGGER/SEGGER_RTT.o
 .debug_macro   0x0000000000012dee      0x115 Thirt Party/SEGGER/SEGGER/SEGGER_RTT.o
 .debug_macro   0x0000000000012f03      0x1fd Thirt Party/SEGGER/SEGGER/SEGGER_SYSVIEW.o
 .debug_macro   0x0000000000013100       0x65 Thirt Party/SEGGER/SEGGER/SEGGER_SYSVIEW.o
 .debug_macro   0x0000000000013165       0x35 Thirt Party/SEGGER/SEGGER/SEGGER_SYSVIEW.o
 .debug_macro   0x000000000001319a      0x11b Thirt Party/SEGGER/SEGGER/SEGGER_SYSVIEW.o

.debug_line     0x0000000000000000     0xa26b
 .debug_line    0x0000000000000000      0xd0a Core/Src/main.o
 .debug_line    0x0000000000000d0a      0x6e2 Core/Src/system_stm32f4xx.o
 .debug_line    0x00000000000013ec       0x85 Core/Startup/startup_stm32f407vgtx.o
 .debug_line    0x0000000000001471      0x772 Drivers/StdPeriph_Driver/src/stm32f4xx_exti.o
 .debug_line    0x0000000000001be3      0x84a Drivers/StdPeriph_Driver/src/stm32f4xx_gpio.o
 .debug_line    0x000000000000242d      0xb3e Drivers/StdPeriph_Driver/src/stm32f4xx_rcc.o
 .debug_line    0x0000000000002f6b      0x745 Drivers/StdPeriph_Driver/src/stm32f4xx_syscfg.o
 .debug_line    0x00000000000036b0      0x990 Drivers/StdPeriph_Driver/src/stm32f4xx_usart.o
 .debug_line    0x0000000000004040      0x89e Thirt Party/FreeRTOS/org/Source/list.o
 .debug_line    0x00000000000048de     0x1547 Thirt Party/FreeRTOS/org/Source/tasks.o
 .debug_line    0x0000000000005e25      0x91a Thirt Party/FreeRTOS/org/Source/portable/GCC/ARM_CM4F/port.o
 .debug_line    0x000000000000673f      0x984 Thirt Party/FreeRTOS/org/Source/portable/MemMang/heap_4.o
 .debug_line    0x00000000000070c3      0x704 Thirt Party/SEGGER/Config/SEGGER_SYSVIEW_Config_FreeRTOS.o
 .debug_line    0x00000000000077c7      0x92f Thirt Party/SEGGER/OS/SEGGER_SYSVIEW_FreeRTOS.o
 .debug_line    0x00000000000080f6      0x951 Thirt Party/SEGGER/SEGGER/SEGGER_RTT.o
 .debug_line    0x0000000000008a47     0x1824 Thirt Party/SEGGER/SEGGER/SEGGER_SYSVIEW.o

.debug_str      0x0000000000000000    0x7244d
 .debug_str     0x0000000000000000    0x6bd56 Core/Src/main.o
                                      0x6c075 (size before relaxing)
 .debug_str     0x000000000006bd56      0x154 Core/Src/system_stm32f4xx.o
                                      0x602ca (size before relaxing)
 .debug_str     0x000000000006beaa       0x36 Core/Startup/startup_stm32f407vgtx.o
                                         0x85 (size before relaxing)
 .debug_str     0x000000000006bee0      0x113 Drivers/StdPeriph_Driver/src/stm32f4xx_exti.o
                                      0x602d0 (size before relaxing)
 .debug_str     0x000000000006bff3      0x172 Drivers/StdPeriph_Driver/src/stm32f4xx_gpio.o
                                      0x60402 (size before relaxing)
 .debug_str     0x000000000006c165      0xc78 Drivers/StdPeriph_Driver/src/stm32f4xx_rcc.o
                                      0x60f0f (size before relaxing)
 .debug_str     0x000000000006cddd      0x414 Drivers/StdPeriph_Driver/src/stm32f4xx_syscfg.o
                                      0x60520 (size before relaxing)
 .debug_str     0x000000000006d1f1      0x4bc Drivers/StdPeriph_Driver/src/stm32f4xx_usart.o
                                      0x60715 (size before relaxing)
 .debug_str     0x000000000006d6ad      0x23e Thirt Party/FreeRTOS/org/Source/list.o
                                       0xdc66 (size before relaxing)
 .debug_str     0x000000000006d8eb     0x1ddc Thirt Party/FreeRTOS/org/Source/tasks.o
                                      0x100a7 (size before relaxing)
 .debug_str     0x000000000006f6c7      0x7fb Thirt Party/FreeRTOS/org/Source/portable/GCC/ARM_CM4F/port.o
                                       0xb95f (size before relaxing)
 .debug_str     0x000000000006fec2      0x252 Thirt Party/FreeRTOS/org/Source/portable/MemMang/heap_4.o
                                       0xe389 (size before relaxing)
 .debug_str     0x0000000000070114      0x177 Thirt Party/SEGGER/Config/SEGGER_SYSVIEW_Config_FreeRTOS.o
                                       0xa4b5 (size before relaxing)
 .debug_str     0x000000000007028b       0xfb Thirt Party/SEGGER/OS/SEGGER_SYSVIEW_FreeRTOS.o
                                       0xe1d9 (size before relaxing)
 .debug_str     0x0000000000070386      0xdca Thirt Party/SEGGER/SEGGER/SEGGER_RTT.o
                                       0x7205 (size before relaxing)
 .debug_str     0x0000000000071150     0x12fd Thirt Party/SEGGER/SEGGER/SEGGER_SYSVIEW.o
                                       0x91ac (size before relaxing)

.comment        0x0000000000000000       0x7b
 .comment       0x0000000000000000       0x7b Core/Src/main.o
                                         0x7c (size before relaxing)
 .comment       0x000000000000007b       0x7c Core/Src/system_stm32f4xx.o
 .comment       0x000000000000007b       0x7c Drivers/StdPeriph_Driver/src/stm32f4xx_exti.o
 .comment       0x000000000000007b       0x7c Drivers/StdPeriph_Driver/src/stm32f4xx_gpio.o
 .comment       0x000000000000007b       0x7c Drivers/StdPeriph_Driver/src/stm32f4xx_rcc.o
 .comment       0x000000000000007b       0x7c Drivers/StdPeriph_Driver/src/stm32f4xx_syscfg.o
 .comment       0x000000000000007b       0x7c Drivers/StdPeriph_Driver/src/stm32f4xx_usart.o
 .comment       0x000000000000007b       0x7c Thirt Party/FreeRTOS/org/Source/list.o
 .comment       0x000000000000007b       0x7c Thirt Party/FreeRTOS/org/Source/tasks.o
 .comment       0x000000000000007b       0x7c Thirt Party/FreeRTOS/org/Source/portable/GCC/ARM_CM4F/port.o
 .comment       0x000000000000007b       0x7c Thirt Party/FreeRTOS/org/Source/portable/MemMang/heap_4.o
 .comment       0x000000000000007b       0x7c Thirt Party/SEGGER/Config/SEGGER_SYSVIEW_Config_FreeRTOS.o
 .comment       0x000000000000007b       0x7c Thirt Party/SEGGER/OS/SEGGER_SYSVIEW_FreeRTOS.o
 .comment       0x000000000000007b       0x7c Thirt Party/SEGGER/SEGGER/SEGGER_RTT.o
 .comment       0x000000000000007b       0x7c Thirt Party/SEGGER/SEGGER/SEGGER_SYSVIEW.o

.debug_frame    0x0000000000000000     0x30e4
 .debug_frame   0x0000000000000000      0x16c Core/Src/main.o
 .debug_frame   0x000000000000016c       0x58 Core/Src/system_stm32f4xx.o
 .debug_frame   0x00000000000001c4      0x148 Drivers/StdPeriph_Driver/src/stm32f4xx_exti.o
 .debug_frame   0x000000000000030c      0x23c Drivers/StdPeriph_Driver/src/stm32f4xx_gpio.o
 .debug_frame   0x0000000000000548      0x83c Drivers/StdPeriph_Driver/src/stm32f4xx_rcc.o
 .debug_frame   0x0000000000000d84      0x11c Drivers/StdPeriph_Driver/src/stm32f4xx_syscfg.o
 .debug_frame   0x0000000000000ea0      0x490 Drivers/StdPeriph_Driver/src/stm32f4xx_usart.o
 .debug_frame   0x0000000000001330       0xd8 Thirt Party/FreeRTOS/org/Source/list.o
 .debug_frame   0x0000000000001408      0x870 Thirt Party/FreeRTOS/org/Source/tasks.o
 .debug_frame   0x0000000000001c78      0x1a8 Thirt Party/FreeRTOS/org/Source/portable/GCC/ARM_CM4F/port.o
 .debug_frame   0x0000000000001e20      0x108 Thirt Party/FreeRTOS/org/Source/portable/MemMang/heap_4.o
 .debug_frame   0x0000000000001f28       0x48 Thirt Party/SEGGER/Config/SEGGER_SYSVIEW_Config_FreeRTOS.o
 .debug_frame   0x0000000000001f70      0x100 Thirt Party/SEGGER/OS/SEGGER_SYSVIEW_FreeRTOS.o
 .debug_frame   0x0000000000002070      0x478 Thirt Party/SEGGER/SEGGER/SEGGER_RTT.o
 .debug_frame   0x00000000000024e8      0xb5c Thirt Party/SEGGER/SEGGER/SEGGER_SYSVIEW.o
 .debug_frame   0x0000000000003044       0x2c d:/st/stm32cubeide_1.3.0/stm32cubeide/plugins/com.st.stm32cube.ide.mcu.externaltools.gnu-tools-for-stm32.7-2018-q2-update.win32_1.5.0.202011040924/tools/bin/../lib/gcc/arm-none-eabi/7.3.1/../../../../arm-none-eabi/lib/thumb/v7e-m/fpv4-sp/hard\libc_nano.a(lib_a-init.o)
 .debug_frame   0x0000000000003070       0x2c d:/st/stm32cubeide_1.3.0/stm32cubeide/plugins/com.st.stm32cube.ide.mcu.externaltools.gnu-tools-for-stm32.7-2018-q2-update.win32_1.5.0.202011040924/tools/bin/../lib/gcc/arm-none-eabi/7.3.1/../../../../arm-none-eabi/lib/thumb/v7e-m/fpv4-sp/hard\libc_nano.a(lib_a-memcmp.o)
 .debug_frame   0x000000000000309c       0x28 d:/st/stm32cubeide_1.3.0/stm32cubeide/plugins/com.st.stm32cube.ide.mcu.externaltools.gnu-tools-for-stm32.7-2018-q2-update.win32_1.5.0.202011040924/tools/bin/../lib/gcc/arm-none-eabi/7.3.1/../../../../arm-none-eabi/lib/thumb/v7e-m/fpv4-sp/hard\libc_nano.a(lib_a-memcpy-stub.o)
 .debug_frame   0x00000000000030c4       0x20 d:/st/stm32cubeide_1.3.0/stm32cubeide/plugins/com.st.stm32cube.ide.mcu.externaltools.gnu-tools-for-stm32.7-2018-q2-update.win32_1.5.0.202011040924/tools/bin/../lib/gcc/arm-none-eabi/7.3.1/../../../../arm-none-eabi/lib/thumb/v7e-m/fpv4-sp/hard\libc_nano.a(lib_a-memset.o)
